// Jest Snapshot v1, https://goo.gl/fbAQLP

exports[`Manifest Utilities getManifestInFileSystem returns the manifest 1`] = `
Array [
  Object {
    "url": "https://github.com/foo/bar/blob/master/foo.md",
  },
  Object {
    "url": "https://github.com/foo/bar/blob/master/bar.md",
  },
  Object {
    "url": "https://github.com/foo/bar/blob/master/baz.md",
  },
]
`;
