// Jest Snapshot v1, https://goo.gl/fbAQLP

exports[`Manifest Utilities getManifestInFileSystem returns the manifest 1`] = `
Array [
  Object {
    "id": "56bcf513-818b-5188-99e9-e194b32eaf1a",
    "internal": Object {
      "type": "foo",
    },
    "url": "https://github.com/foo/bar/blob/master/foo.md",
  },
  Object {
    "id": "62c295c4-7df2-556c-a8d0-0a49a3761ca1",
    "internal": Object {
      "type": "foo",
    },
    "url": "https://github.com/foo/bar/blob/master/bar.md",
  },
  Object {
    "id": "0597ed6f-b09f-5d0a-b9b1-16ac7d3a3ca4",
    "internal": Object {
      "type": "foo",
    },
    "url": "https://github.com/foo/bar/blob/master/baz.md",
  },
]
`;

exports[`Manifest Utilities validateAndFilterManifest filters out manifest items that are invalid 1`] = `
Array [
  Object {
    "labels": Array [
      "foo",
      "bar",
    ],
    "personas": Array [
      "Developer",
      "Designer",
    ],
    "url": "https://github.com/foo/bar/blob/master/bar.md",
  },
  Object {
    "url": "https://github.com/foo/bar/blob/master/baz.md",
  },
]
`;
